F:\conda\envs\diffsheg\lib\site-packages\librosa\util\files.py:10: UserWarning: pkg_resources is deprecated as an API. See https://setuptools.pypa.io/en/latest/pkg_resources.html. The pkg_resources package is slated for removal as early as 2025-11-30. Refrain from using this package or pin to Setuptools<81.
  from pkg_resources import resource_filename
{
  "experiment": "beat_FM_aa_x0_aligned_v1",
  "checkpoint": "pck_best.tar",
  "checkpoint_epoch": 479,
  "prediction_result": "BestPCK_e479_sequential_overlap24_long3_so3release_blend0",
  "ground_truth_result": "BestPCK_e479_sequential_overlap24_long3_diverse20",
  "inference": "RK4, 50 steps, overlap 24, transition blend 0",
  "segments": [
    {
      "label": "quiet",
      "source_window_start": 3571,
      "window_count": 20,
      "frames": 224,
      "duration_seconds": 14.933333333333334,
      "audio_rms": 0.05297874884645912,
      "overlap_rms": {
        "gesture_max": 0.0,
        "expression_max": 0.0,
        "ground_truth_max": 0.0
      },
      "audio_step_samples": [
        10666,
        10667
      ],
      "prediction": {
        "velocity_rms": 2.2070258196233747,
        "acceleration_rms": 2.702760705162734,
        "jerk_rms": 4.480080512580906
      },
      "ground_truth": {
        "velocity_rms": 2.067148834438445,
        "acceleration_rms": 2.105597371626341,
        "jerk_rms": 3.105763560962657
      },
      "ratios": {
        "velocity": 1.0676666250898805,
        "acceleration": 1.2836075602977934,
        "jerk": 1.442505337139144
      },
      "motion_spread_degrees": {
        "prediction": 12.854212292010462,
        "ground_truth": 20.114092417836158,
        "ratio": 0.639064991101065
      },
      "audio_path": "F:\\study\\DiffSHEG\\bvh_output\\long_validation_trials\\so3_release_blend0\\quiet\\audio.wav"
    },
    {
      "label": "typical",
      "source_window_start": 3799,
      "window_count": 20,
      "frames": 224,
      "duration_seconds": 14.933333333333334,
      "audio_rms": 0.10169054308887561,
      "overlap_rms": {
        "gesture_max": 0.0,
        "expression_max": 0.0,
        "ground_truth_max": 0.0
      },
      "audio_step_samples": [
        10666,
        10667
      ],
      "prediction": {
        "velocity_rms": 2.5382370195688533,
        "acceleration_rms": 3.082774540720892,
        "jerk_rms": 5.060764658349683
      },
      "ground_truth": {
        "velocity_rms": 2.067170626355707,
        "acceleration_rms": 2.2072781158657904,
        "jerk_rms": 3.466059825942869
      },
      "ratios": {
        "velocity": 1.2278797827364678,
        "acceleration": 1.3966407398152878,
        "jerk": 1.4600915484697405
      },
      "motion_spread_degrees": {
        "prediction": 16.736988488577264,
        "ground_truth": 20.468040265224047,
        "ratio": 0.8177132872370797
      },
      "audio_path": "F:\\study\\DiffSHEG\\bvh_output\\long_validation_trials\\so3_release_blend0\\typical\\audio.wav"
    },
    {
      "label": "energetic",
      "source_window_start": 944,
      "window_count": 20,
      "frames": 224,
      "duration_seconds": 14.933333333333334,
      "audio_rms": 0.1500108282402649,
      "overlap_rms": {
        "gesture_max": 0.0,
        "expression_max": 0.0,
        "ground_truth_max": 0.0
      },
      "audio_step_samples": [
        10666,
        10667
      ],
      "prediction": {
        "velocity_rms": 2.2856149648192403,
        "acceleration_rms": 2.7777644839888698,
        "jerk_rms": 4.641229504639226
      },
      "ground_truth": {
        "velocity_rms": 1.8630128942790476,
        "acceleration_rms": 1.665138651542745,
        "jerk_rms": 2.3473821999409905
      },
      "ratios": {
        "velocity": 1.2268379740354574,
        "acceleration": 1.6681881003814791,
        "jerk": 1.9771937883638628
      },
      "motion_spread_degrees": {
        "prediction": 13.326237584202103,
        "ground_truth": 15.513104879613126,
        "ratio": 0.8590309733362957
      },
      "audio_path": "F:\\study\\DiffSHEG\\bvh_output\\long_validation_trials\\so3_release_blend0\\energetic\\audio.wav"
    }
  ]
}
